// Jest Snapshot v1, https://goo.gl/fbAQLP

exports[`resultFormatter should format files results as markdown table 1`] = `
"| Ok  | File  | LinesÎ” | BranchesÎ” | FunctionsÎ” | StatementsÎ” |
| --- | ----- | ------ | --------- | ---------- | ----------- |
| ðŸ”´  | file1 | +10%   | -30%      | +20%       | -10%        |
| âœ…   | file2 | +10%   | +30%      | +20%       | +10%        |

Total:

| Lines | Branches | Functions | Statements |
| ----- | -------- | --------- | ---------- |
| 100%  | 100%     | 100%      | 100%       |"
`;

exports[`resultFormatter should print descriptive message if coverage did't change 1`] = `
"Coverage values did not changeðŸ‘Œ.

Total:

| Lines | Branches | Functions | Statements |
| ----- | -------- | --------- | ---------- |
| 100%  | 100%     | 100%      | 100%       |"
`;
